  Background.cpp
  Game.cpp
  Game_Jam_3.cpp
  Level.cpp
C:\Users\clima-grandguillotte\Documents\GitHub\Game_Jam_3\Game_Jam_3\Level.cpp(29,66): warning C4244: 'argument' : conversion de 'int' en 'T', perte possible de données
C:\Users\clima-grandguillotte\Documents\GitHub\Game_Jam_3\Game_Jam_3\Level.cpp(29,66): warning C4244:         with
C:\Users\clima-grandguillotte\Documents\GitHub\Game_Jam_3\Game_Jam_3\Level.cpp(29,66): warning C4244:         [
C:\Users\clima-grandguillotte\Documents\GitHub\Game_Jam_3\Game_Jam_3\Level.cpp(29,66): warning C4244:             T=float
C:\Users\clima-grandguillotte\Documents\GitHub\Game_Jam_3\Game_Jam_3\Level.cpp(29,66): warning C4244:         ]
C:\Users\clima-grandguillotte\Documents\GitHub\Game_Jam_3\Game_Jam_3\Level.cpp(29,48): warning C4244: 'argument' : conversion de 'int' en 'T', perte possible de données
C:\Users\clima-grandguillotte\Documents\GitHub\Game_Jam_3\Game_Jam_3\Level.cpp(29,48): warning C4244:         with
C:\Users\clima-grandguillotte\Documents\GitHub\Game_Jam_3\Game_Jam_3\Level.cpp(29,48): warning C4244:         [
C:\Users\clima-grandguillotte\Documents\GitHub\Game_Jam_3\Game_Jam_3\Level.cpp(29,48): warning C4244:             T=float
C:\Users\clima-grandguillotte\Documents\GitHub\Game_Jam_3\Game_Jam_3\Level.cpp(29,48): warning C4244:         ]
C:\Users\clima-grandguillotte\Documents\GitHub\Game_Jam_3\Game_Jam_3\Level.cpp(35,63): warning C4244: 'argument' : conversion de 'int' en 'T', perte possible de données
C:\Users\clima-grandguillotte\Documents\GitHub\Game_Jam_3\Game_Jam_3\Level.cpp(35,63): warning C4244:         with
C:\Users\clima-grandguillotte\Documents\GitHub\Game_Jam_3\Game_Jam_3\Level.cpp(35,63): warning C4244:         [
C:\Users\clima-grandguillotte\Documents\GitHub\Game_Jam_3\Game_Jam_3\Level.cpp(35,63): warning C4244:             T=float
C:\Users\clima-grandguillotte\Documents\GitHub\Game_Jam_3\Game_Jam_3\Level.cpp(35,63): warning C4244:         ]
C:\Users\clima-grandguillotte\Documents\GitHub\Game_Jam_3\Game_Jam_3\Level.cpp(35,45): warning C4244: 'argument' : conversion de 'int' en 'T', perte possible de données
C:\Users\clima-grandguillotte\Documents\GitHub\Game_Jam_3\Game_Jam_3\Level.cpp(35,45): warning C4244:         with
C:\Users\clima-grandguillotte\Documents\GitHub\Game_Jam_3\Game_Jam_3\Level.cpp(35,45): warning C4244:         [
C:\Users\clima-grandguillotte\Documents\GitHub\Game_Jam_3\Game_Jam_3\Level.cpp(35,45): warning C4244:             T=float
C:\Users\clima-grandguillotte\Documents\GitHub\Game_Jam_3\Game_Jam_3\Level.cpp(35,45): warning C4244:         ]
C:\Users\clima-grandguillotte\Documents\GitHub\Game_Jam_3\Game_Jam_3\Level.cpp(38,66): warning C4244: 'argument' : conversion de 'int' en 'T', perte possible de données
C:\Users\clima-grandguillotte\Documents\GitHub\Game_Jam_3\Game_Jam_3\Level.cpp(38,66): warning C4244:         with
C:\Users\clima-grandguillotte\Documents\GitHub\Game_Jam_3\Game_Jam_3\Level.cpp(38,66): warning C4244:         [
C:\Users\clima-grandguillotte\Documents\GitHub\Game_Jam_3\Game_Jam_3\Level.cpp(38,66): warning C4244:             T=float
C:\Users\clima-grandguillotte\Documents\GitHub\Game_Jam_3\Game_Jam_3\Level.cpp(38,66): warning C4244:         ]
C:\Users\clima-grandguillotte\Documents\GitHub\Game_Jam_3\Game_Jam_3\Level.cpp(38,48): warning C4244: 'argument' : conversion de 'int' en 'T', perte possible de données
C:\Users\clima-grandguillotte\Documents\GitHub\Game_Jam_3\Game_Jam_3\Level.cpp(38,48): warning C4244:         with
C:\Users\clima-grandguillotte\Documents\GitHub\Game_Jam_3\Game_Jam_3\Level.cpp(38,48): warning C4244:         [
C:\Users\clima-grandguillotte\Documents\GitHub\Game_Jam_3\Game_Jam_3\Level.cpp(38,48): warning C4244:             T=float
C:\Users\clima-grandguillotte\Documents\GitHub\Game_Jam_3\Game_Jam_3\Level.cpp(38,48): warning C4244:         ]
C:\Users\clima-grandguillotte\Documents\GitHub\Game_Jam_3\Game_Jam_3\Level.cpp(41,66): warning C4244: 'argument' : conversion de 'int' en 'T', perte possible de données
C:\Users\clima-grandguillotte\Documents\GitHub\Game_Jam_3\Game_Jam_3\Level.cpp(41,66): warning C4244:         with
C:\Users\clima-grandguillotte\Documents\GitHub\Game_Jam_3\Game_Jam_3\Level.cpp(41,66): warning C4244:         [
C:\Users\clima-grandguillotte\Documents\GitHub\Game_Jam_3\Game_Jam_3\Level.cpp(41,66): warning C4244:             T=float
C:\Users\clima-grandguillotte\Documents\GitHub\Game_Jam_3\Game_Jam_3\Level.cpp(41,66): warning C4244:         ]
C:\Users\clima-grandguillotte\Documents\GitHub\Game_Jam_3\Game_Jam_3\Level.cpp(41,48): warning C4244: 'argument' : conversion de 'int' en 'T', perte possible de données
C:\Users\clima-grandguillotte\Documents\GitHub\Game_Jam_3\Game_Jam_3\Level.cpp(41,48): warning C4244:         with
C:\Users\clima-grandguillotte\Documents\GitHub\Game_Jam_3\Game_Jam_3\Level.cpp(41,48): warning C4244:         [
C:\Users\clima-grandguillotte\Documents\GitHub\Game_Jam_3\Game_Jam_3\Level.cpp(41,48): warning C4244:             T=float
C:\Users\clima-grandguillotte\Documents\GitHub\Game_Jam_3\Game_Jam_3\Level.cpp(41,48): warning C4244:         ]
C:\Users\clima-grandguillotte\Documents\GitHub\Game_Jam_3\Game_Jam_3\Level.cpp(44,66): warning C4244: 'argument' : conversion de 'int' en 'T', perte possible de données
C:\Users\clima-grandguillotte\Documents\GitHub\Game_Jam_3\Game_Jam_3\Level.cpp(44,66): warning C4244:         with
C:\Users\clima-grandguillotte\Documents\GitHub\Game_Jam_3\Game_Jam_3\Level.cpp(44,66): warning C4244:         [
C:\Users\clima-grandguillotte\Documents\GitHub\Game_Jam_3\Game_Jam_3\Level.cpp(44,66): warning C4244:             T=float
C:\Users\clima-grandguillotte\Documents\GitHub\Game_Jam_3\Game_Jam_3\Level.cpp(44,66): warning C4244:         ]
C:\Users\clima-grandguillotte\Documents\GitHub\Game_Jam_3\Game_Jam_3\Level.cpp(44,48): warning C4244: 'argument' : conversion de 'int' en 'T', perte possible de données
C:\Users\clima-grandguillotte\Documents\GitHub\Game_Jam_3\Game_Jam_3\Level.cpp(44,48): warning C4244:         with
C:\Users\clima-grandguillotte\Documents\GitHub\Game_Jam_3\Game_Jam_3\Level.cpp(44,48): warning C4244:         [
C:\Users\clima-grandguillotte\Documents\GitHub\Game_Jam_3\Game_Jam_3\Level.cpp(44,48): warning C4244:             T=float
C:\Users\clima-grandguillotte\Documents\GitHub\Game_Jam_3\Game_Jam_3\Level.cpp(44,48): warning C4244:         ]
C:\Users\clima-grandguillotte\Documents\GitHub\Game_Jam_3\Game_Jam_3\Level.cpp(47,64): warning C4244: 'argument' : conversion de 'int' en 'T', perte possible de données
C:\Users\clima-grandguillotte\Documents\GitHub\Game_Jam_3\Game_Jam_3\Level.cpp(47,64): warning C4244:         with
C:\Users\clima-grandguillotte\Documents\GitHub\Game_Jam_3\Game_Jam_3\Level.cpp(47,64): warning C4244:         [
C:\Users\clima-grandguillotte\Documents\GitHub\Game_Jam_3\Game_Jam_3\Level.cpp(47,64): warning C4244:             T=float
C:\Users\clima-grandguillotte\Documents\GitHub\Game_Jam_3\Game_Jam_3\Level.cpp(47,64): warning C4244:         ]
C:\Users\clima-grandguillotte\Documents\GitHub\Game_Jam_3\Game_Jam_3\Level.cpp(47,46): warning C4244: 'argument' : conversion de 'int' en 'T', perte possible de données
C:\Users\clima-grandguillotte\Documents\GitHub\Game_Jam_3\Game_Jam_3\Level.cpp(47,46): warning C4244:         with
C:\Users\clima-grandguillotte\Documents\GitHub\Game_Jam_3\Game_Jam_3\Level.cpp(47,46): warning C4244:         [
C:\Users\clima-grandguillotte\Documents\GitHub\Game_Jam_3\Game_Jam_3\Level.cpp(47,46): warning C4244:             T=float
C:\Users\clima-grandguillotte\Documents\GitHub\Game_Jam_3\Game_Jam_3\Level.cpp(47,46): warning C4244:         ]
C:\Users\clima-grandguillotte\Documents\GitHub\Game_Jam_3\Game_Jam_3\Level.cpp(50,68): warning C4244: 'argument' : conversion de 'int' en 'T', perte possible de données
C:\Users\clima-grandguillotte\Documents\GitHub\Game_Jam_3\Game_Jam_3\Level.cpp(50,68): warning C4244:         with
C:\Users\clima-grandguillotte\Documents\GitHub\Game_Jam_3\Game_Jam_3\Level.cpp(50,68): warning C4244:         [
C:\Users\clima-grandguillotte\Documents\GitHub\Game_Jam_3\Game_Jam_3\Level.cpp(50,68): warning C4244:             T=float
C:\Users\clima-grandguillotte\Documents\GitHub\Game_Jam_3\Game_Jam_3\Level.cpp(50,68): warning C4244:         ]
C:\Users\clima-grandguillotte\Documents\GitHub\Game_Jam_3\Game_Jam_3\Level.cpp(50,50): warning C4244: 'argument' : conversion de 'int' en 'T', perte possible de données
C:\Users\clima-grandguillotte\Documents\GitHub\Game_Jam_3\Game_Jam_3\Level.cpp(50,50): warning C4244:         with
C:\Users\clima-grandguillotte\Documents\GitHub\Game_Jam_3\Game_Jam_3\Level.cpp(50,50): warning C4244:         [
C:\Users\clima-grandguillotte\Documents\GitHub\Game_Jam_3\Game_Jam_3\Level.cpp(50,50): warning C4244:             T=float
C:\Users\clima-grandguillotte\Documents\GitHub\Game_Jam_3\Game_Jam_3\Level.cpp(50,50): warning C4244:         ]
C:\Users\clima-grandguillotte\Documents\GitHub\Game_Jam_3\Game_Jam_3\Level.cpp(53,65): warning C4244: 'argument' : conversion de 'int' en 'T', perte possible de données
C:\Users\clima-grandguillotte\Documents\GitHub\Game_Jam_3\Game_Jam_3\Level.cpp(53,65): warning C4244:         with
C:\Users\clima-grandguillotte\Documents\GitHub\Game_Jam_3\Game_Jam_3\Level.cpp(53,65): warning C4244:         [
C:\Users\clima-grandguillotte\Documents\GitHub\Game_Jam_3\Game_Jam_3\Level.cpp(53,65): warning C4244:             T=float
C:\Users\clima-grandguillotte\Documents\GitHub\Game_Jam_3\Game_Jam_3\Level.cpp(53,65): warning C4244:         ]
C:\Users\clima-grandguillotte\Documents\GitHub\Game_Jam_3\Game_Jam_3\Level.cpp(53,47): warning C4244: 'argument' : conversion de 'int' en 'T', perte possible de données
C:\Users\clima-grandguillotte\Documents\GitHub\Game_Jam_3\Game_Jam_3\Level.cpp(53,47): warning C4244:         with
C:\Users\clima-grandguillotte\Documents\GitHub\Game_Jam_3\Game_Jam_3\Level.cpp(53,47): warning C4244:         [
C:\Users\clima-grandguillotte\Documents\GitHub\Game_Jam_3\Game_Jam_3\Level.cpp(53,47): warning C4244:             T=float
C:\Users\clima-grandguillotte\Documents\GitHub\Game_Jam_3\Game_Jam_3\Level.cpp(53,47): warning C4244:         ]
C:\Users\clima-grandguillotte\Documents\GitHub\Game_Jam_3\Game_Jam_3\Level.cpp(56,71): warning C4244: 'argument' : conversion de 'int' en 'T', perte possible de données
C:\Users\clima-grandguillotte\Documents\GitHub\Game_Jam_3\Game_Jam_3\Level.cpp(56,71): warning C4244:         with
C:\Users\clima-grandguillotte\Documents\GitHub\Game_Jam_3\Game_Jam_3\Level.cpp(56,71): warning C4244:         [
C:\Users\clima-grandguillotte\Documents\GitHub\Game_Jam_3\Game_Jam_3\Level.cpp(56,71): warning C4244:             T=float
C:\Users\clima-grandguillotte\Documents\GitHub\Game_Jam_3\Game_Jam_3\Level.cpp(56,71): warning C4244:         ]
C:\Users\clima-grandguillotte\Documents\GitHub\Game_Jam_3\Game_Jam_3\Level.cpp(56,53): warning C4244: 'argument' : conversion de 'int' en 'T', perte possible de données
C:\Users\clima-grandguillotte\Documents\GitHub\Game_Jam_3\Game_Jam_3\Level.cpp(56,53): warning C4244:         with
C:\Users\clima-grandguillotte\Documents\GitHub\Game_Jam_3\Game_Jam_3\Level.cpp(56,53): warning C4244:         [
C:\Users\clima-grandguillotte\Documents\GitHub\Game_Jam_3\Game_Jam_3\Level.cpp(56,53): warning C4244:             T=float
C:\Users\clima-grandguillotte\Documents\GitHub\Game_Jam_3\Game_Jam_3\Level.cpp(56,53): warning C4244:         ]
C:\Users\clima-grandguillotte\Documents\GitHub\Game_Jam_3\Game_Jam_3\Level.cpp(59,71): warning C4244: 'argument' : conversion de 'int' en 'T', perte possible de données
C:\Users\clima-grandguillotte\Documents\GitHub\Game_Jam_3\Game_Jam_3\Level.cpp(59,71): warning C4244:         with
C:\Users\clima-grandguillotte\Documents\GitHub\Game_Jam_3\Game_Jam_3\Level.cpp(59,71): warning C4244:         [
C:\Users\clima-grandguillotte\Documents\GitHub\Game_Jam_3\Game_Jam_3\Level.cpp(59,71): warning C4244:             T=float
C:\Users\clima-grandguillotte\Documents\GitHub\Game_Jam_3\Game_Jam_3\Level.cpp(59,71): warning C4244:         ]
C:\Users\clima-grandguillotte\Documents\GitHub\Game_Jam_3\Game_Jam_3\Level.cpp(59,53): warning C4244: 'argument' : conversion de 'int' en 'T', perte possible de données
C:\Users\clima-grandguillotte\Documents\GitHub\Game_Jam_3\Game_Jam_3\Level.cpp(59,53): warning C4244:         with
C:\Users\clima-grandguillotte\Documents\GitHub\Game_Jam_3\Game_Jam_3\Level.cpp(59,53): warning C4244:         [
C:\Users\clima-grandguillotte\Documents\GitHub\Game_Jam_3\Game_Jam_3\Level.cpp(59,53): warning C4244:             T=float
C:\Users\clima-grandguillotte\Documents\GitHub\Game_Jam_3\Game_Jam_3\Level.cpp(59,53): warning C4244:         ]
  Player.cpp
C:\Users\clima-grandguillotte\Documents\GitHub\Game_Jam_3\Game_Jam_3\Player.cpp(22,38): warning C4305: 'argument' : troncation de 'double' à 'T'
C:\Users\clima-grandguillotte\Documents\GitHub\Game_Jam_3\Game_Jam_3\Player.cpp(22,38): warning C4305:         with
C:\Users\clima-grandguillotte\Documents\GitHub\Game_Jam_3\Game_Jam_3\Player.cpp(22,38): warning C4305:         [
C:\Users\clima-grandguillotte\Documents\GitHub\Game_Jam_3\Game_Jam_3\Player.cpp(22,38): warning C4305:             T=float
C:\Users\clima-grandguillotte\Documents\GitHub\Game_Jam_3\Game_Jam_3\Player.cpp(22,38): warning C4305:         ]
C:\Users\clima-grandguillotte\Documents\GitHub\Game_Jam_3\Game_Jam_3\Player.cpp(22,32): warning C4305: 'argument' : troncation de 'double' à 'T'
C:\Users\clima-grandguillotte\Documents\GitHub\Game_Jam_3\Game_Jam_3\Player.cpp(22,32): warning C4305:         with
C:\Users\clima-grandguillotte\Documents\GitHub\Game_Jam_3\Game_Jam_3\Player.cpp(22,32): warning C4305:         [
C:\Users\clima-grandguillotte\Documents\GitHub\Game_Jam_3\Game_Jam_3\Player.cpp(22,32): warning C4305:             T=float
C:\Users\clima-grandguillotte\Documents\GitHub\Game_Jam_3\Game_Jam_3\Player.cpp(22,32): warning C4305:         ]
  Trap.cpp
C:\Users\clima-grandguillotte\Documents\GitHub\Game_Jam_3\Game_Jam_3\Trap.cpp(13,38): warning C4305: 'argument' : troncation de 'double' à 'T'
C:\Users\clima-grandguillotte\Documents\GitHub\Game_Jam_3\Game_Jam_3\Trap.cpp(13,38): warning C4305:         with
C:\Users\clima-grandguillotte\Documents\GitHub\Game_Jam_3\Game_Jam_3\Trap.cpp(13,38): warning C4305:         [
C:\Users\clima-grandguillotte\Documents\GitHub\Game_Jam_3\Game_Jam_3\Trap.cpp(13,38): warning C4305:             T=float
C:\Users\clima-grandguillotte\Documents\GitHub\Game_Jam_3\Game_Jam_3\Trap.cpp(13,38): warning C4305:         ]
C:\Users\clima-grandguillotte\Documents\GitHub\Game_Jam_3\Game_Jam_3\Trap.cpp(13,32): warning C4305: 'argument' : troncation de 'double' à 'T'
C:\Users\clima-grandguillotte\Documents\GitHub\Game_Jam_3\Game_Jam_3\Trap.cpp(13,32): warning C4305:         with
C:\Users\clima-grandguillotte\Documents\GitHub\Game_Jam_3\Game_Jam_3\Trap.cpp(13,32): warning C4305:         [
C:\Users\clima-grandguillotte\Documents\GitHub\Game_Jam_3\Game_Jam_3\Trap.cpp(13,32): warning C4305:             T=float
C:\Users\clima-grandguillotte\Documents\GitHub\Game_Jam_3\Game_Jam_3\Trap.cpp(13,32): warning C4305:         ]
C:\Users\clima-grandguillotte\Documents\GitHub\Game_Jam_3\Game_Jam_3\Trap.cpp(61,38): warning C4305: 'argument' : troncation de 'double' à 'T'
C:\Users\clima-grandguillotte\Documents\GitHub\Game_Jam_3\Game_Jam_3\Trap.cpp(61,38): warning C4305:         with
C:\Users\clima-grandguillotte\Documents\GitHub\Game_Jam_3\Game_Jam_3\Trap.cpp(61,38): warning C4305:         [
C:\Users\clima-grandguillotte\Documents\GitHub\Game_Jam_3\Game_Jam_3\Trap.cpp(61,38): warning C4305:             T=float
C:\Users\clima-grandguillotte\Documents\GitHub\Game_Jam_3\Game_Jam_3\Trap.cpp(61,38): warning C4305:         ]
C:\Users\clima-grandguillotte\Documents\GitHub\Game_Jam_3\Game_Jam_3\Trap.cpp(61,32): warning C4305: 'argument' : troncation de 'double' à 'T'
C:\Users\clima-grandguillotte\Documents\GitHub\Game_Jam_3\Game_Jam_3\Trap.cpp(61,32): warning C4305:         with
C:\Users\clima-grandguillotte\Documents\GitHub\Game_Jam_3\Game_Jam_3\Trap.cpp(61,32): warning C4305:         [
C:\Users\clima-grandguillotte\Documents\GitHub\Game_Jam_3\Game_Jam_3\Trap.cpp(61,32): warning C4305:             T=float
C:\Users\clima-grandguillotte\Documents\GitHub\Game_Jam_3\Game_Jam_3\Trap.cpp(61,32): warning C4305:         ]
C:\Users\clima-grandguillotte\Documents\GitHub\Game_Jam_3\Game_Jam_3\Trap.cpp(75,38): warning C4305: 'argument' : troncation de 'double' à 'T'
C:\Users\clima-grandguillotte\Documents\GitHub\Game_Jam_3\Game_Jam_3\Trap.cpp(75,38): warning C4305:         with
C:\Users\clima-grandguillotte\Documents\GitHub\Game_Jam_3\Game_Jam_3\Trap.cpp(75,38): warning C4305:         [
C:\Users\clima-grandguillotte\Documents\GitHub\Game_Jam_3\Game_Jam_3\Trap.cpp(75,38): warning C4305:             T=float
C:\Users\clima-grandguillotte\Documents\GitHub\Game_Jam_3\Game_Jam_3\Trap.cpp(75,38): warning C4305:         ]
C:\Users\clima-grandguillotte\Documents\GitHub\Game_Jam_3\Game_Jam_3\Trap.cpp(75,32): warning C4305: 'argument' : troncation de 'double' à 'T'
C:\Users\clima-grandguillotte\Documents\GitHub\Game_Jam_3\Game_Jam_3\Trap.cpp(75,32): warning C4305:         with
C:\Users\clima-grandguillotte\Documents\GitHub\Game_Jam_3\Game_Jam_3\Trap.cpp(75,32): warning C4305:         [
C:\Users\clima-grandguillotte\Documents\GitHub\Game_Jam_3\Game_Jam_3\Trap.cpp(75,32): warning C4305:             T=float
C:\Users\clima-grandguillotte\Documents\GitHub\Game_Jam_3\Game_Jam_3\Trap.cpp(75,32): warning C4305:         ]
  Génération de code en cours...
  Game_Jam_3.vcxproj -> C:\Users\clima-grandguillotte\Documents\GitHub\Game_Jam_3\x64\Debug\Game_Jam_3.exe
