c:\users\trole\onedrive\documents\github\game_jam_3\game_jam_3\x64\debug\vc143.pdb
c:\users\trole\onedrive\documents\github\game_jam_3\game_jam_3\x64\debug\vc143.idb
c:\users\trole\onedrive\documents\github\game_jam_3\game_jam_3\x64\debug\player.obj
c:\users\trole\onedrive\documents\github\game_jam_3\game_jam_3\x64\debug\level.obj
c:\users\trole\onedrive\documents\github\game_jam_3\game_jam_3\x64\debug\game_jam_3.obj
c:\users\trole\onedrive\documents\github\game_jam_3\game_jam_3\x64\debug\game.obj
c:\users\trole\onedrive\documents\github\game_jam_3\game_jam_3\x64\debug\background.obj
c:\users\trole\onedrive\documents\github\game_jam_3\game_jam_3\x64\debug\trap.obj
c:\users\trole\onedrive\documents\github\game_jam_3\game_jam_3\x64\debug\game_jam_3.ilk
c:\users\trole\onedrive\documents\github\game_jam_3\x64\debug\game_jam_3.pdb
c:\users\trole\onedrive\documents\github\game_jam_3\game_jam_3\x64\debug\game_jam_3.tlog\cl.command.1.tlog
c:\users\trole\onedrive\documents\github\game_jam_3\game_jam_3\x64\debug\game_jam_3.tlog\cl.items.tlog
c:\users\trole\onedrive\documents\github\game_jam_3\game_jam_3\x64\debug\game_jam_3.tlog\cl.read.1.tlog
c:\users\trole\onedrive\documents\github\game_jam_3\game_jam_3\x64\debug\game_jam_3.tlog\cl.write.1.tlog
c:\users\trole\onedrive\documents\github\game_jam_3\game_jam_3\x64\debug\game_jam_3.tlog\link-cvtres.read.1.tlog
c:\users\trole\onedrive\documents\github\game_jam_3\game_jam_3\x64\debug\game_jam_3.tlog\link-cvtres.write.1.tlog
c:\users\trole\onedrive\documents\github\game_jam_3\game_jam_3\x64\debug\game_jam_3.tlog\link-rc.read.1.tlog
c:\users\trole\onedrive\documents\github\game_jam_3\game_jam_3\x64\debug\game_jam_3.tlog\link-rc.write.1.tlog
c:\users\trole\onedrive\documents\github\game_jam_3\game_jam_3\x64\debug\game_jam_3.tlog\link.23008-cvtres.read.1.tlog
c:\users\trole\onedrive\documents\github\game_jam_3\game_jam_3\x64\debug\game_jam_3.tlog\link.23008-cvtres.write.1.tlog
c:\users\trole\onedrive\documents\github\game_jam_3\game_jam_3\x64\debug\game_jam_3.tlog\link.23008-rc.read.1.tlog
c:\users\trole\onedrive\documents\github\game_jam_3\game_jam_3\x64\debug\game_jam_3.tlog\link.23008-rc.write.1.tlog
c:\users\trole\onedrive\documents\github\game_jam_3\game_jam_3\x64\debug\game_jam_3.tlog\link.23008.read.1.tlog
c:\users\trole\onedrive\documents\github\game_jam_3\game_jam_3\x64\debug\game_jam_3.tlog\link.23008.read.2.tlog
c:\users\trole\onedrive\documents\github\game_jam_3\game_jam_3\x64\debug\game_jam_3.tlog\link.23008.read.3.tlog
c:\users\trole\onedrive\documents\github\game_jam_3\game_jam_3\x64\debug\game_jam_3.tlog\link.23008.read.4.tlog
c:\users\trole\onedrive\documents\github\game_jam_3\game_jam_3\x64\debug\game_jam_3.tlog\link.23008.write.1.tlog
c:\users\trole\onedrive\documents\github\game_jam_3\game_jam_3\x64\debug\game_jam_3.tlog\link.command.1.tlog
c:\users\trole\onedrive\documents\github\game_jam_3\game_jam_3\x64\debug\game_jam_3.tlog\link.read.1.tlog
c:\users\trole\onedrive\documents\github\game_jam_3\game_jam_3\x64\debug\game_jam_3.tlog\link.read.2.tlog
c:\users\trole\onedrive\documents\github\game_jam_3\game_jam_3\x64\debug\game_jam_3.tlog\link.read.3.tlog
c:\users\trole\onedrive\documents\github\game_jam_3\game_jam_3\x64\debug\game_jam_3.tlog\link.read.4.tlog
c:\users\trole\onedrive\documents\github\game_jam_3\game_jam_3\x64\debug\game_jam_3.tlog\link.secondary.1.tlog
c:\users\trole\onedrive\documents\github\game_jam_3\game_jam_3\x64\debug\game_jam_3.tlog\link.write.1.tlog
